[2026-04-16 22:31:44] INFO Starting sweep: minimax-m2.7-20260416-223144
[2026-04-16 22:31:44] INFO Mode: LIVE
[2026-04-16 22:31:44] INFO Baseline output_tps c=1: 38.88
[2026-04-16 22:31:44] INFO Experiments queued: 11
[2026-04-16 22:31:44] INFO ============================================================
[2026-04-16 22:31:44] INFO === T1.3 long-prefill-threshold ===
[2026-04-16 22:31:44] INFO ============================================================
[2026-04-16 22:31:44] INFO   Prevents long context pastes from starving short coding turns
[2026-04-16 22:31:44] INFO Stopping cluster...
[2026-04-16 22:32:13] INFO Launching cluster...
[2026-04-16 22:32:24] INFO Cluster launch dispatched
[2026-04-16 22:32:24] INFO Waiting for endpoint (timeout 900s)...
[2026-04-16 22:47:24] ERROR Endpoint did not come up within 900s
[2026-04-16 22:47:24] INFO Stopping cluster...
[2026-04-16 22:47:48] INFO Launching cluster...
[2026-04-16 22:48:00] INFO Cluster launch dispatched
[2026-04-16 22:48:00] INFO Waiting for endpoint (timeout 900s)...
[2026-04-16 23:03:00] ERROR Endpoint did not come up within 900s
[2026-04-16 23:03:00] INFO Stopping cluster...
[2026-04-16 23:03:24] INFO Launching cluster...
[2026-04-16 23:03:35] INFO Cluster launch dispatched
[2026-04-16 23:03:35] INFO Waiting for endpoint (timeout 900s)...
[2026-04-16 23:18:35] ERROR Endpoint did not come up within 900s
[2026-04-16 23:18:35] INFO   Decision: FAILED
[2026-04-16 23:18:35] INFO   Reason: endpoint did not come up
[2026-04-16 23:18:35] INFO   T1.3 FAILED — restoring baseline recipe
[2026-04-16 23:18:35] INFO ============================================================
[2026-04-16 23:18:35] INFO === T1.4 piecewise-cudagraphs ===
[2026-04-16 23:18:35] INFO ============================================================
[2026-04-16 23:18:35] INFO   PIECEWISE cudagraph capture for decode hot path on GB10
[2026-04-16 23:18:35] INFO Stopping cluster...
[2026-04-16 23:18:59] INFO Launching cluster...
[2026-04-16 23:19:11] INFO Cluster launch dispatched
[2026-04-16 23:19:11] INFO Waiting for endpoint (timeout 900s)...
[2026-04-16 23:34:11] ERROR Endpoint did not come up within 900s
[2026-04-16 23:34:11] INFO Stopping cluster...
[2026-04-16 23:34:35] INFO Launching cluster...
[2026-04-16 23:34:46] INFO Cluster launch dispatched
[2026-04-16 23:34:46] INFO Waiting for endpoint (timeout 900s)...
[2026-04-16 23:49:46] ERROR Endpoint did not come up within 900s
[2026-04-16 23:49:46] INFO Stopping cluster...
[2026-04-16 23:50:10] INFO Launching cluster...
[2026-04-16 23:50:21] INFO Cluster launch dispatched
[2026-04-16 23:50:21] INFO Waiting for endpoint (timeout 900s)...
[2026-04-17 00:05:21] ERROR Endpoint did not come up within 900s
[2026-04-17 00:05:21] INFO   Decision: FAILED
[2026-04-17 00:05:21] INFO   Reason: endpoint did not come up
[2026-04-17 00:05:21] INFO   T1.4 FAILED — restoring baseline recipe
[2026-04-17 00:05:21] INFO ============================================================
[2026-04-17 00:05:21] INFO === T2.1 fuse-minimax-qk-norm ===
[2026-04-17 00:05:21] INFO ============================================================
[2026-04-17 00:05:21] INFO   Fused Q/K RMSNorm + TP all-reduce (PR #37045, needs image >= 2026-04-10)
[2026-04-17 00:05:21] INFO   SKIPPING — needs image after 2026-04-10, have 2026-04-06
[2026-04-17 00:05:21] INFO ============================================================
[2026-04-17 00:05:21] INFO === T2.2 flashinfer-moe-fp16 ===
[2026-04-17 00:05:21] INFO ============================================================
[2026-04-17 00:05:21] INFO   Route MoE through FlashInfer CUTLASS kernels instead of Triton fused_moe
[2026-04-17 00:05:21] INFO Stopping cluster...
[2026-04-17 00:05:45] INFO Launching cluster...
[2026-04-17 00:05:57] INFO Cluster launch dispatched
[2026-04-17 00:05:57] INFO Waiting for endpoint (timeout 900s)...
[2026-04-17 00:10:27] INFO Endpoint ready (270s)
[2026-04-17 00:10:27] INFO   Benchmarking c=1 (500 prompts, timeout 7200s)
[2026-04-17 00:56:12] INFO   c=1: output_tps=38.79, tpot_p50=24.79ms, interactive=40.3 tok/s
[2026-04-17 00:56:12] INFO   Benchmarking c=4 (500 prompts, timeout 7200s)
[2026-04-17 01:17:27] INFO   c=4: output_tps=84.05, tpot_p50=46.7ms, interactive=21.4 tok/s
[2026-04-17 01:17:27] INFO   Benchmarking c=8 (500 prompts, timeout 7200s)
[2026-04-17 01:33:57] INFO   c=8: output_tps=108.72, tpot_p50=71.72ms, interactive=13.9 tok/s
[2026-04-17 01:33:57] INFO   Benchmarking c=16 (500 prompts, timeout 7200s)
[2026-04-17 01:47:12] INFO   c=16: output_tps=137.51, tpot_p50=112.64ms, interactive=8.9 tok/s
[2026-04-17 01:47:12] INFO   Decision: REVIEW
[2026-04-17 01:47:12] INFO   Reason: Within noise band — c=1: tpot +0.1ms, throughput -0.2%; c=4: tpot -0.4ms, throughput +0.8%; c=8: tpot +0.1ms, throughput +0.1%; c=16: tpot +0.0ms, throughput -0.1%
[2026-04-17 01:47:12] INFO   T2.2 REVIEW — restoring baseline recipe
[2026-04-17 01:47:12] INFO ============================================================
[2026-04-17 01:47:12] INFO === T2.3 explicit-flashinfer-attention ===
[2026-04-17 01:47:12] INFO ============================================================
[2026-04-17 01:47:12] INFO   Explicit FLASHINFER attention backend (vs auto-detect)
[2026-04-17 01:47:12] INFO Stopping cluster...
[2026-04-17 01:47:40] INFO Launching cluster...
[2026-04-17 01:47:52] INFO Cluster launch dispatched
[2026-04-17 01:47:52] INFO Waiting for endpoint (timeout 900s)...
[2026-04-17 01:52:22] INFO Endpoint ready (270s)
[2026-04-17 01:52:22] INFO   Benchmarking c=1 (500 prompts, timeout 7200s)
[2026-04-17 02:38:22] INFO   c=1: output_tps=38.67, tpot_p50=24.85ms, interactive=40.2 tok/s
[2026-04-17 02:38:22] INFO   Benchmarking c=4 (500 prompts, timeout 7200s)
[2026-04-17 02:59:52] INFO   c=4: output_tps=83.42, tpot_p50=47.06ms, interactive=21.2 tok/s
[2026-04-17 02:59:52] INFO   Benchmarking c=8 (500 prompts, timeout 7200s)
[2026-04-17 03:16:22] INFO   c=8: output_tps=108.17, tpot_p50=72.22ms, interactive=13.8 tok/s
[2026-04-17 03:16:22] INFO   Benchmarking c=16 (500 prompts, timeout 7200s)
[2026-04-17 03:29:37] INFO   c=16: output_tps=137.04, tpot_p50=113.12ms, interactive=8.8 tok/s
[2026-04-17 03:29:37] INFO   Decision: REVIEW
[2026-04-17 03:29:37] INFO   Reason: Within noise band — c=1: tpot +0.1ms, throughput -0.5%; c=4: tpot -0.0ms, throughput +0.0%; c=8: tpot +0.6ms, throughput -0.4%; c=16: tpot +0.5ms, throughput -0.5%
[2026-04-17 03:29:37] INFO   T2.3 REVIEW — restoring baseline recipe
[2026-04-17 03:29:37] INFO ============================================================
[2026-04-17 03:29:37] INFO === T3.1 stream-interval-10 ===
[2026-04-17 03:29:37] INFO ============================================================
[2026-04-17 03:29:37] INFO   Buffer 10 tokens before SSE send — big E2E win at high concurrency
[2026-04-17 03:29:37] INFO Stopping cluster...
[2026-04-17 03:30:05] INFO Launching cluster...
[2026-04-17 03:30:17] INFO Cluster launch dispatched
[2026-04-17 03:30:17] INFO Waiting for endpoint (timeout 900s)...
[2026-04-17 03:34:32] INFO Endpoint ready (255s)
[2026-04-17 03:34:32] INFO   Benchmarking c=1 (500 prompts, timeout 7200s)
[2026-04-17 04:20:47] INFO   c=1: output_tps=38.64, tpot_p50=24.92ms, interactive=40.1 tok/s
[2026-04-17 04:20:47] INFO   Benchmarking c=4 (500 prompts, timeout 7200s)
[2026-04-17 04:42:17] INFO   c=4: output_tps=83.07, tpot_p50=47.24ms, interactive=21.2 tok/s
[2026-04-17 04:42:17] INFO   Benchmarking c=8 (500 prompts, timeout 7200s)
[2026-04-17 04:59:02] INFO   c=8: output_tps=107.49, tpot_p50=72.72ms, interactive=13.8 tok/s
[2026-04-17 04:59:02] INFO   Benchmarking c=16 (500 prompts, timeout 7200s)
[2026-04-17 05:12:17] INFO   c=16: output_tps=136.69, tpot_p50=113.05ms, interactive=8.8 tok/s
[2026-04-17 05:12:17] INFO   Decision: REVIEW
[2026-04-17 05:12:17] INFO   Reason: Within noise band — c=1: tpot +0.2ms, throughput -0.6%; c=4: tpot +0.2ms, throughput -0.4%; c=8: tpot +1.1ms, throughput -1.0%; c=16: tpot +0.4ms, throughput -0.7%
[2026-04-17 05:12:17] INFO   T3.1 REVIEW — restoring baseline recipe
[2026-04-17 05:12:17] INFO ============================================================
[2026-04-17 05:12:17] INFO === T3.2 api-server-count-4 ===
[2026-04-17 05:12:17] INFO ============================================================
[2026-04-17 05:12:17] INFO   Scale frontend uvicorn ring to 4 workers
[2026-04-17 05:12:17] INFO Stopping cluster...
[2026-04-17 05:12:46] INFO Launching cluster...
[2026-04-17 05:12:57] INFO Cluster launch dispatched
[2026-04-17 05:12:57] INFO Waiting for endpoint (timeout 900s)...
[2026-04-17 05:16:57] INFO Endpoint ready (240s)
[2026-04-17 05:16:57] INFO   Benchmarking c=1 (500 prompts, timeout 7200s)
[2026-04-17 06:03:27] INFO   c=1: output_tps=38.29, tpot_p50=25.11ms, interactive=39.8 tok/s
[2026-04-17 06:03:27] INFO   Benchmarking c=4 (500 prompts, timeout 7200s)
[2026-04-17 06:24:57] INFO   c=4: output_tps=82.74, tpot_p50=47.4ms, interactive=21.1 tok/s
[2026-04-17 06:24:57] INFO   Benchmarking c=8 (500 prompts, timeout 7200s)
[2026-04-17 06:41:42] INFO   c=8: output_tps=107.02, tpot_p50=72.95ms, interactive=13.7 tok/s
[2026-04-17 06:41:42] INFO   Benchmarking c=16 (500 prompts, timeout 7200s)
[2026-04-17 06:54:57] INFO   c=16: output_tps=135.66, tpot_p50=114.15ms, interactive=8.8 tok/s
[2026-04-17 06:54:57] INFO   Decision: REVIEW
[2026-04-17 06:54:57] INFO   Reason: Within noise band — c=1: tpot +0.4ms, throughput -1.5%; c=4: tpot +0.3ms, throughput -0.8%; c=8: tpot +1.3ms, throughput -1.5%; c=16: tpot +1.5ms, throughput -1.5%
[2026-04-17 06:54:57] INFO   T3.2 REVIEW — restoring baseline recipe
[2026-04-17 06:54:57] INFO ============================================================
[2026-04-17 06:54:57] INFO === T4.1 expert-parallel ===
[2026-04-17 06:54:57] INFO ============================================================
[2026-04-17 06:54:57] INFO   Expert parallelism for 256-expert MoE at TP=2
[2026-04-17 06:54:57] INFO Stopping cluster...
[2026-04-17 06:55:26] INFO Launching cluster...
[2026-04-17 06:55:37] INFO Cluster launch dispatched
[2026-04-17 06:55:37] INFO Waiting for endpoint (timeout 900s)...
[2026-04-17 07:00:07] INFO Endpoint ready (270s)
[2026-04-17 07:00:07] INFO   Benchmarking c=1 (500 prompts, timeout 7200s)
[2026-04-17 07:50:07] INFO   c=1: output_tps=35.71, tpot_p50=26.99ms, interactive=37.1 tok/s
[2026-04-17 07:50:07] INFO   Benchmarking c=4 (500 prompts, timeout 7200s)
[2026-04-17 08:13:22] INFO   c=4: output_tps=76.88, tpot_p50=51.08ms, interactive=19.6 tok/s
[2026-04-17 08:13:22] INFO   Benchmarking c=8 (500 prompts, timeout 7200s)
[2026-04-17 08:31:07] INFO   c=8: output_tps=100.98, tpot_p50=77.45ms, interactive=12.9 tok/s
[2026-04-17 08:31:07] INFO   Benchmarking c=16 (500 prompts, timeout 7200s)
[2026-04-17 08:44:52] INFO   c=16: output_tps=130.28, tpot_p50=118.76ms, interactive=8.4 tok/s
[2026-04-17 08:44:52] INFO   Decision: REJECTED
[2026-04-17 08:44:52] INFO   Reason: Throughput drop at c=1: -8.2% < -2.0%
[2026-04-17 08:44:52] INFO   T4.1 REJECTED — restoring baseline recipe
[2026-04-17 08:44:52] INFO ============================================================
[2026-04-17 08:44:52] INFO === T4.2 dual-batch-overlap ===
[2026-04-17 08:44:52] INFO ============================================================
[2026-04-17 08:44:52] INFO   Overlap EP all2all with compute (requires T4.1 accepted)
[2026-04-17 08:44:52] INFO   SKIPPING — depends on T4.1 which was not accepted
[2026-04-17 08:44:52] INFO ============================================================
[2026-04-17 08:44:52] INFO === T4.3 nccl-ib-tuning ===
[2026-04-17 08:44:52] INFO ============================================================
[2026-04-17 08:44:52] INFO   NCCL IB QPS tuning for dual-rail CX-7
[2026-04-17 08:44:52] INFO Stopping cluster...
[2026-04-17 08:45:21] INFO Launching cluster...
[2026-04-17 08:45:32] INFO Cluster launch dispatched
[2026-04-17 08:45:32] INFO Waiting for endpoint (timeout 900s)...
[2026-04-17 08:49:32] INFO Endpoint ready (240s)
[2026-04-17 08:49:32] INFO   Benchmarking c=1 (500 prompts, timeout 7200s)
[2026-04-17 09:36:02] INFO   c=1: output_tps=38.35, tpot_p50=25.05ms, interactive=39.9 tok/s
[2026-04-17 09:36:02] INFO   Benchmarking c=4 (500 prompts, timeout 7200s)
[2026-04-17 09:58:03] INFO   c=4: output_tps=81.69, tpot_p50=48.0ms, interactive=20.8 tok/s
[2026-04-17 09:58:03] INFO   Benchmarking c=8 (500 prompts, timeout 7200s)
[2026-04-17 10:15:03] INFO   c=8: output_tps=105.24, tpot_p50=74.25ms, interactive=13.5 tok/s
[2026-04-17 10:15:03] INFO   Benchmarking c=16 (500 prompts, timeout 7200s)
[2026-04-17 10:28:48] INFO   c=16: output_tps=132.2, tpot_p50=117.1ms, interactive=8.5 tok/s
[2026-04-17 10:28:48] INFO   Decision: REJECTED
[2026-04-17 10:28:48] INFO   Reason: Throughput drop at c=4: -2.1% < -2.0%
[2026-04-17 10:28:48] INFO   T4.3 REJECTED — restoring baseline recipe
[2026-04-17 10:28:48] INFO ============================================================
[2026-04-17 10:28:48] INFO === T4.4 ngram-spec-decode ===
[2026-04-17 10:28:48] INFO ============================================================
[2026-04-17 10:28:48] INFO   N-gram speculative decoding — zero draft model, good for code
[2026-04-17 10:28:48] INFO Stopping cluster...
[2026-04-17 10:29:17] INFO Launching cluster...
[2026-04-17 10:29:29] INFO Cluster launch dispatched
[2026-04-17 10:29:29] INFO Waiting for endpoint (timeout 900s)...
[2026-04-17 10:33:59] INFO Endpoint ready (270s)
[2026-04-17 10:33:59] INFO   Benchmarking c=1 (500 prompts, timeout 7200s)
[2026-04-17 11:57:14] INFO   c=1: output_tps=21.38, tpot_p50=47.12ms, interactive=21.2 tok/s
[2026-04-17 11:57:14] INFO   Benchmarking c=4 (500 prompts, timeout 7200s)
[2026-04-17 12:31:14] INFO   c=4: output_tps=52.72, tpot_p50=76.98ms, interactive=13.0 tok/s
[2026-04-17 12:31:14] INFO   Benchmarking c=8 (500 prompts, timeout 7200s)
[2026-04-17 12:55:29] INFO   c=8: output_tps=73.5, tpot_p50=110.62ms, interactive=9.0 tok/s
[2026-04-17 12:55:29] INFO   Benchmarking c=16 (500 prompts, timeout 7200s)
[2026-04-17 13:13:59] INFO   c=16: output_tps=97.28, tpot_p50=166.5ms, interactive=6.0 tok/s
[2026-04-17 13:13:59] INFO   Decision: REJECTED
[2026-04-17 13:13:59] INFO   Reason: TPOT regression at c=1: +22.4ms > 5.0ms
[2026-04-17 13:13:59] INFO   T4.4 REJECTED — restoring baseline recipe
[2026-04-17 13:13:59] INFO 
[2026-04-17 13:13:59] INFO ============================================================
[2026-04-17 13:13:59] INFO SWEEP COMPLETE
[2026-04-17 13:13:59] INFO ============================================================
[2026-04-17 13:13:59] INFO   Accepted: 0
[2026-04-17 13:13:59] INFO   Rejected: 3
[2026-04-17 13:13:59] INFO   Review:   4
[2026-04-17 13:13:59] INFO   Failed:   2
[2026-04-17 13:13:59] INFO   Skipped:  2
[2026-04-17 13:13:59] INFO   Final baseline output_tps c=1: 38.88
  Rejected: 3
[2026-04-17 13:13:59] INFO   Review:   4
[2026-04-17 13:13:59] INFO   Failed:   2
[2026-04-17 13:13:59] INFO   Skipped:  2
[2026-04-17 13:13:59] INFO   Final baseline output_tps c=1: 38.88
[2026-04-20 19:35:11] INFO Starting sweep: minimax-m2.7-20260420-193511
[2026-04-20 19:35:11] INFO Mode: LIVE
[2026-04-20 19:35:11] INFO Baseline output_tps c=1: 38.88
[2026-04-20 19:35:11] INFO Experiments queued: 1
[2026-04-20 19:35:11] INFO ============================================================
[2026-04-20 19:35:11] INFO === T1.4 piecewise-cudagraphs ===
[2026-04-20 19:35:11] INFO ============================================================
[2026-04-20 19:35:11] INFO   PIECEWISE cudagraph capture for decode hot path on GB10
[2026-04-20 19:35:11] INFO Stopping cluster...
[2026-04-20 19:35:40] INFO Launching cluster...
[2026-04-20 19:35:51] INFO Cluster launch dispatched
[2026-04-20 19:35:51] INFO Waiting for endpoint (timeout 900s)...
[2026-04-20 19:38:17] WARNING Received signal 15 — restoring baseline recipe and stopping
[2026-04-20 19:38:17] INFO Stopping cluster...
[2026-04-20 19:39:32] INFO Starting sweep: minimax-m2.7-20260420-193932
[2026-04-20 19:39:32] INFO Mode: LIVE
[2026-04-20 19:39:32] INFO Baseline output_tps c=1: 38.88
[2026-04-20 19:39:32] INFO Experiments queued: 1
[2026-04-20 19:39:32] INFO ============================================================
[2026-04-20 19:39:32] INFO === T1.4 piecewise-cudagraphs ===
[2026-04-20 19:39:32] INFO ============================================================
[2026-04-20 19:39:32] INFO   PIECEWISE cudagraph capture for decode hot path on GB10
[2026-04-20 19:39:32] INFO Stopping cluster...
[2026-04-20 19:39:36] INFO Launching cluster...
[2026-04-20 19:39:47] INFO Cluster launch dispatched
[2026-04-20 19:39:47] INFO Waiting for endpoint (timeout 900s)...
[2026-04-20 19:44:02] INFO Endpoint ready (255s)
[2026-04-20 19:44:02] INFO   Benchmarking c=1 (500 prompts, timeout 7200s)
[2026-04-20 21:08:47] INFO   c=1: output_tps=20.91, tpot_p50=47.05ms, interactive=21.3 tok/s
[2026-04-20 21:08:47] INFO   Benchmarking c=4 (500 prompts, timeout 7200s)
[2026-04-20 21:42:33] INFO   c=4: output_tps=52.89, tpot_p50=74.7ms, interactive=13.4 tok/s
[2026-04-20 21:42:33] INFO   Benchmarking c=8 (500 prompts, timeout 7200s)
[2026-04-20 22:06:48] INFO   c=8: output_tps=74.12, tpot_p50=105.77ms, interactive=9.5 tok/s
[2026-04-20 22:06:48] INFO   Benchmarking c=16 (500 prompts, timeout 7200s)
[2026-04-20 22:24:03] INFO   c=16: output_tps=103.48, tpot_p50=149.93ms, interactive=6.7 tok/s
[2026-04-20 22:24:03] INFO   Decision: REJECTED
[2026-04-20 22:24:03] INFO   Reason: TPOT regression at c=1: +22.3ms > 5.0ms
[2026-04-20 22:24:03] INFO   T1.4 REJECTED — restoring baseline recipe
[2026-04-20 22:24:03] INFO 
[2026-04-20 22:24:03] INFO ============================================================
[2026-04-20 22:24:03] INFO SWEEP COMPLETE
[2026-04-20 22:24:03] INFO ============================================================
[2026-04-20 22:24:03] INFO   Accepted: 0
[2026-04-20 22:24:03] INFO   Rejected: 1
[2026-04-20 22:24:03] INFO   Review:   0
[2026-04-20 22:24:03] INFO   Failed:   0
[2026-04-20 22:24:03] INFO   Skipped:  0
[2026-04-20 22:24:03] INFO   Final baseline output_tps c=1: 38.88
[2026-04-20 22:29:45] INFO Starting sweep: minimax-m2.7-20260420-222945
[2026-04-20 22:29:45] INFO Mode: LIVE
[2026-04-20 22:29:45] INFO Baseline output_tps c=1: 38.88
[2026-04-20 22:29:45] INFO Experiments queued: 1
[2026-04-20 22:29:45] INFO ============================================================
[2026-04-20 22:29:45] INFO === T2.1 fuse-minimax-qk-norm ===
[2026-04-20 22:29:45] INFO ============================================================
[2026-04-20 22:29:45] INFO   Fused Q/K RMSNorm + TP all-reduce (PR #37045, needs image >= 2026-04-10)
[2026-04-20 22:29:45] INFO Stopping cluster...
[2026-04-20 22:29:49] INFO Launching cluster...
[2026-04-20 22:30:00] INFO Cluster launch dispatched
[2026-04-20 22:30:00] INFO Waiting for endpoint (timeout 900s)...
[2026-04-20 22:35:48] WARNING Received signal 15 — restoring baseline recipe and stopping
[2026-04-20 22:35:48] INFO Stopping cluster...
[2026-04-20 22:39:19] INFO Starting sweep: minimax-m2.7-20260420-223919
[2026-04-20 22:39:19] INFO Mode: LIVE
[2026-04-20 22:39:19] INFO Baseline output_tps c=1: 38.88
[2026-04-20 22:39:19] INFO Experiments queued: 1
[2026-04-20 22:39:19] INFO ============================================================
[2026-04-20 22:39:19] INFO === T2.1 fuse-minimax-qk-norm ===
[2026-04-20 22:39:19] INFO ============================================================
[2026-04-20 22:39:19] INFO   Fused Q/K RMSNorm + TP all-reduce (PR #37045, needs image >= 2026-04-10)
[2026-04-20 22:39:19] INFO Stopping cluster...
[2026-04-20 22:39:23] INFO Launching cluster...
[2026-04-20 22:39:35] INFO Cluster launch dispatched
[2026-04-20 22:39:35] INFO Waiting for endpoint (timeout 900s)...
[2026-04-20 22:54:35] ERROR Endpoint did not come up within 900s
[2026-04-20 22:54:35] INFO Stopping cluster...
[2026-04-20 22:54:59] INFO Launching cluster...
[2026-04-20 22:55:11] INFO Cluster launch dispatched
[2026-04-20 22:55:11] INFO Waiting for endpoint (timeout 900s)...
[2026-04-20 23:10:11] ERROR Endpoint did not come up within 900s
[2026-04-20 23:10:11] INFO Stopping cluster...
[2026-04-20 23:10:35] INFO Launching cluster...
[2026-04-20 23:10:46] INFO Cluster launch dispatched
[2026-04-20 23:10:46] INFO Waiting for endpoint (timeout 900s)...
[2026-04-20 23:25:46] ERROR Endpoint did not come up within 900s
[2026-04-20 23:25:46] INFO   Decision: FAILED
[2026-04-20 23:25:46] INFO   Reason: endpoint did not come up
[2026-04-20 23:25:46] INFO   T2.1 FAILED — restoring baseline recipe
[2026-04-20 23:25:46] INFO 
[2026-04-20 23:25:46] INFO ============================================================
[2026-04-20 23:25:46] INFO SWEEP COMPLETE
[2026-04-20 23:25:46] INFO ============================================================
[2026-04-20 23:25:46] INFO   Accepted: 0
[2026-04-20 23:25:46] INFO   Rejected: 0
[2026-04-20 23:25:46] INFO   Review:   0
[2026-04-20 23:25:46] INFO   Failed:   1
[2026-04-20 23:25:46] INFO   Skipped:  0
[2026-04-20 23:25:46] INFO   Final baseline output_tps c=1: 38.88
